// Vitest Snapshot v1, https://vitest.dev/guide/snapshot.html

exports[`MCP campaign and analytics tool registry > matches the reviewed complete MCP tool-schema snapshot 1`] = `
[
  {
    "annotations": {
      "destructiveHint": false,
      "openWorldHint": false,
      "readOnlyHint": true,
    },
    "description": "Read this connection's site metadata.",
    "execution": {
      "taskSupport": "forbidden",
    },
    "inputSchemaSha256": "7760a5a5ce90f1c50ad52b3bb68cfcb409a0d348b55eb2f066cd92e85474cac1",
    "name": "foundry.site.get",
    "outputSchemaSha256": "584bff25895f4ea32c3205f90c5ba0c5d10c5c886c880c7f03d62842789be25d",
  },
  {
    "annotations": {
      "destructiveHint": false,
      "openWorldHint": false,
      "readOnlyHint": true,
    },
    "description": "List published page and post documents with bounded pagination.",
    "execution": {
      "taskSupport": "forbidden",
    },
    "inputSchemaSha256": "ca09125a7cde497c0629a2dff5696a88901a6f6925235110e4e81cfd36624ce8",
    "name": "foundry.content.list",
    "outputSchemaSha256": "6585e7b9b5da0e6b63e0b624debb37d84b9767fba7667f93491784ad1c5996a6",
  },
  {
    "annotations": {
      "destructiveHint": false,
      "openWorldHint": false,
      "readOnlyHint": true,
    },
    "description": "Read one published page or post document.",
    "execution": {
      "taskSupport": "forbidden",
    },
    "inputSchemaSha256": "fe338c73c1fe68360e8bce0daee03c5e7347249a35fa921f9fe45d78f6b43234",
    "name": "foundry.content.get",
    "outputSchemaSha256": "6f1b010b61b06bf5c6589748a48e385e4d2e840c6303f215651b52dcf59db93d",
  },
  {
    "annotations": {
      "destructiveHint": false,
      "idempotentHint": true,
      "openWorldHint": false,
      "readOnlyHint": false,
    },
    "description": "Open one site-scoped canonical draft workspace at revision zero.",
    "execution": {
      "taskSupport": "forbidden",
    },
    "inputSchemaSha256": "4474c04a6d854c6cc3f5244cf5b92137d880cbd483d20803e4be4df740a82c55",
    "name": "foundry.workspace.open",
    "outputSchemaSha256": "523013274f005441f77a2e320e050e3cb39ef6d169e0b58d9a0c621911ee32c8",
  },
  {
    "annotations": {
      "destructiveHint": false,
      "openWorldHint": false,
      "readOnlyHint": true,
    },
    "description": "Read an authorized site-scoped draft workspace.",
    "execution": {
      "taskSupport": "forbidden",
    },
    "inputSchemaSha256": "06ac212db66698f6f2845585e395be972a74181976aa30c37df1ddfc8406d565",
    "name": "foundry.workspace.get",
    "outputSchemaSha256": "e903539d93bd18443d6d1ab31249f99d3693cc8b19844b129923dcb08342f441",
  },
  {
    "annotations": {
      "destructiveHint": true,
      "idempotentHint": true,
      "openWorldHint": false,
      "readOnlyHint": false,
    },
    "description": "Edit content fields of any page in the draft, as a new immutable revision.",
    "execution": {
      "taskSupport": "forbidden",
    },
    "inputSchemaSha256": "94ba51f755e4ba9d99ea97e27a769ffd4949ddeb2f3d7b993c25099c47f4e1b0",
    "name": "foundry.content.patch",
    "outputSchemaSha256": "cff1feb1bc040dd1a6433e494094f4705bfd8bc1cac86d315a3b2cd7276d97e9",
  },
  {
    "annotations": {
      "destructiveHint": false,
      "idempotentHint": true,
      "openWorldHint": false,
      "readOnlyHint": false,
    },
    "description": "Add a page to the draft from one of the starting points, as a new immutable revision.",
    "execution": {
      "taskSupport": "forbidden",
    },
    "inputSchemaSha256": "a8531df107e5b8da4481aaedd40a8e738a201f5f609f4ea4ee184572f1b2bac4",
    "name": "foundry.page.create",
    "outputSchemaSha256": "192ed404865dfee589f4879abbd5b411b662ad0eaaa6af7ffd921e756f85df9e",
  },
  {
    "annotations": {
      "destructiveHint": true,
      "idempotentHint": true,
      "openWorldHint": false,
      "readOnlyHint": false,
    },
    "description": "Change one page's name and web address in the draft, as a new immutable revision.",
    "execution": {
      "taskSupport": "forbidden",
    },
    "inputSchemaSha256": "1c3731b9ec8b79f8a28ffff9da1997f2708f373cc1daca45421afc01b1189a92",
    "name": "foundry.page.rename",
    "outputSchemaSha256": "192ed404865dfee589f4879abbd5b411b662ad0eaaa6af7ffd921e756f85df9e",
  },
  {
    "annotations": {
      "destructiveHint": false,
      "idempotentHint": true,
      "openWorldHint": false,
      "readOnlyHint": false,
    },
    "description": "Copy one page in the draft under a new name and web address, as a new immutable revision.",
    "execution": {
      "taskSupport": "forbidden",
    },
    "inputSchemaSha256": "1c3731b9ec8b79f8a28ffff9da1997f2708f373cc1daca45421afc01b1189a92",
    "name": "foundry.page.duplicate",
    "outputSchemaSha256": "192ed404865dfee589f4879abbd5b411b662ad0eaaa6af7ffd921e756f85df9e",
  },
  {
    "annotations": {
      "destructiveHint": true,
      "idempotentHint": true,
      "openWorldHint": false,
      "readOnlyHint": false,
    },
    "description": "Remove one page from the draft, as a new immutable revision.",
    "execution": {
      "taskSupport": "forbidden",
    },
    "inputSchemaSha256": "87f66b37f8c5ddc78757a1f6c1eea6afb95362d11027849a3c16bb9acc7c9064",
    "name": "foundry.page.delete",
    "outputSchemaSha256": "192ed404865dfee589f4879abbd5b411b662ad0eaaa6af7ffd921e756f85df9e",
  },
  {
    "annotations": {
      "destructiveHint": true,
      "idempotentHint": true,
      "openWorldHint": false,
      "readOnlyHint": false,
    },
    "description": "Add, remove, move and copy the sections of one page in the draft, and choose their section styles, as a new immutable revision.",
    "execution": {
      "taskSupport": "forbidden",
    },
    "inputSchemaSha256": "b059525904da5f978a777655ec624affda58815844c4e2cf9d7f3b9a6c80bc2e",
    "name": "foundry.page.restructure",
    "outputSchemaSha256": "192ed404865dfee589f4879abbd5b411b662ad0eaaa6af7ffd921e756f85df9e",
  },
  {
    "annotations": {
      "destructiveHint": false,
      "openWorldHint": false,
      "readOnlyHint": true,
    },
    "description": "List the section types a page can hold, with their section styles and their editable fields.",
    "execution": {
      "taskSupport": "forbidden",
    },
    "inputSchemaSha256": "7760a5a5ce90f1c50ad52b3bb68cfcb409a0d348b55eb2f066cd92e85474cac1",
    "name": "foundry.section.list",
    "outputSchemaSha256": "4dc2404f46f7fb195024816d8d275f58ca2e3eaf7f3246e5da4353ba1c2debeb",
  },
  {
    "annotations": {
      "destructiveHint": false,
      "openWorldHint": false,
      "readOnlyHint": true,
    },
    "description": "List the photos this site already holds, with the address to use for each one.",
    "execution": {
      "taskSupport": "forbidden",
    },
    "inputSchemaSha256": "cd7f0bfa89b68f33e214628eb81a528bd8236c5d24d03cca1c882bb45b532a1b",
    "name": "foundry.media.list",
    "outputSchemaSha256": "6ae4c9b175742e1999633888b6013faaf11c1e74f0f48e33197ebc0527184e76",
  },
  {
    "annotations": {
      "destructiveHint": false,
      "idempotentHint": true,
      "openWorldHint": false,
      "readOnlyHint": false,
    },
    "description": "Add one photo to this site, sending the picture itself as base64 text.",
    "execution": {
      "taskSupport": "forbidden",
    },
    "inputSchemaSha256": "0777e65b21dabcb3ea93909ac9b94ecbf8288858dfcc9847f5efa903edb60560",
    "name": "foundry.media.upload",
    "outputSchemaSha256": "1e9699425b5cc9d927680c6b60eb9b1a994d0f9f718a8f3f52667810e122ba02",
  },
  {
    "annotations": {
      "destructiveHint": true,
      "idempotentHint": true,
      "openWorldHint": false,
      "readOnlyHint": false,
    },
    "description": "Put one of this site's photos in a page's main or secondary picture slot, as a new immutable revision.",
    "execution": {
      "taskSupport": "forbidden",
    },
    "inputSchemaSha256": "d10e52d841c2dfd3387d940f4fc2e5e7a3ab5755b80f5f7ec1f643e187bf2208",
    "name": "foundry.media.place",
    "outputSchemaSha256": "e3a9d82b1158d8420d1f0409b73de320fa2cb02238b7fac3584a6132e9e3355c",
  },
  {
    "annotations": {
      "destructiveHint": true,
      "idempotentHint": true,
      "openWorldHint": false,
      "readOnlyHint": false,
    },
    "description": "Apply registered design tokens or component variants to a new immutable revision.",
    "execution": {
      "taskSupport": "forbidden",
    },
    "inputSchemaSha256": "ba91f49a63f18fe95adfd7f773bde8553c16273360b438b393672f4c7df31dab",
    "name": "foundry.design.patch",
    "outputSchemaSha256": "cff1feb1bc040dd1a6433e494094f4705bfd8bc1cac86d315a3b2cd7276d97e9",
  },
  {
    "annotations": {
      "destructiveHint": false,
      "idempotentHint": true,
      "openWorldHint": false,
      "readOnlyHint": false,
    },
    "description": "Start a new blog post in the draft, as a new immutable revision.",
    "execution": {
      "taskSupport": "forbidden",
    },
    "inputSchemaSha256": "ef89e4fdb63294328b9de03bc4ae72687ad8702c9806798857f8b22852b4dab6",
    "name": "foundry.blog.create",
    "outputSchemaSha256": "63b1ea4da2e26b5448e06185b271d906d9494cc281bc81e3e9e11083026039e4",
  },
  {
    "annotations": {
      "destructiveHint": true,
      "idempotentHint": true,
      "openWorldHint": false,
      "readOnlyHint": false,
    },
    "description": "Rewrite one blog post in the draft, as a new immutable revision.",
    "execution": {
      "taskSupport": "forbidden",
    },
    "inputSchemaSha256": "8e805367cc25ca05cfc920cfe9e903f2daebf693881520efdcccff9aad83ab5a",
    "name": "foundry.blog.update",
    "outputSchemaSha256": "63b1ea4da2e26b5448e06185b271d906d9494cc281bc81e3e9e11083026039e4",
  },
  {
    "annotations": {
      "destructiveHint": true,
      "idempotentHint": true,
      "openWorldHint": false,
      "readOnlyHint": false,
    },
    "description": "Take one post out of the blog. A post that is on the site comes off it only after a person approves the removal.",
    "execution": {
      "taskSupport": "forbidden",
    },
    "inputSchemaSha256": "8e9468d13bc4c5732cac36fcc820b5300ed3704a8966f65b6123276a2e775a8d",
    "name": "foundry.blog.archive",
    "outputSchemaSha256": "8926ca8411e53e77a34cbfffd225a08046917fb869c53b853dd757724b219300",
  },
  {
    "annotations": {
      "destructiveHint": false,
      "idempotentHint": true,
      "openWorldHint": false,
      "readOnlyHint": false,
    },
    "description": "Put one archived post back as an unpublished draft.",
    "execution": {
      "taskSupport": "forbidden",
    },
    "inputSchemaSha256": "8e9468d13bc4c5732cac36fcc820b5300ed3704a8966f65b6123276a2e775a8d",
    "name": "foundry.blog.restore",
    "outputSchemaSha256": "6564a5f33a18393d4731635e0f5d9cbd98d38f0f509041872337170fba39d1c4",
  },
  {
    "annotations": {
      "destructiveHint": false,
      "idempotentHint": true,
      "openWorldHint": false,
      "readOnlyHint": false,
    },
    "description": "Ask a person to publish one post at a named time. It records the request only; a person approves the post and starts the schedule.",
    "execution": {
      "taskSupport": "forbidden",
    },
    "inputSchemaSha256": "1538decd8f6dc798b6e11f113b44fe06953e9d334845afd5c1a3bd51658819f3",
    "name": "foundry.blog.schedule_request",
    "outputSchemaSha256": "3cf36ad7aec0a883e72bba5d5041d4c79422719638e206a0cc731b09549dc937",
  },
  {
    "annotations": {
      "destructiveHint": false,
      "idempotentHint": true,
      "openWorldHint": false,
      "readOnlyHint": false,
    },
    "description": "Prepare an immutable canonical preview and a human review URL without creating approval.",
    "execution": {
      "taskSupport": "forbidden",
    },
    "inputSchemaSha256": "e58d5324111c513711c84a0daa598bf709a8223cd209015c8ff591ffa9dd809a",
    "name": "foundry.preview.prepare",
    "outputSchemaSha256": "dd5c6b63501dfabf53ac3ce8c618480244a170201e7f666b48d665b8a82f8a46",
  },
  {
    "annotations": {
      "destructiveHint": true,
      "idempotentHint": true,
      "openWorldHint": true,
      "readOnlyHint": false,
    },
    "description": "Publish one exact approved workspace revision through the canonical publication pipeline.",
    "execution": {
      "taskSupport": "forbidden",
    },
    "inputSchemaSha256": "169aa21188d9b04f1d16333aa656cc53cfb600e3e650e63d49913ae740d14e42",
    "name": "foundry.publication.request",
    "outputSchemaSha256": "62563073a0f420ff78922508f5d206bf8c37b1d6a240a0dfe14aaad7488d4ef9",
  },
  {
    "annotations": {
      "destructiveHint": true,
      "idempotentHint": true,
      "openWorldHint": true,
      "readOnlyHint": false,
    },
    "description": "Schedule one exact approved blog revision through the canonical scheduler.",
    "execution": {
      "taskSupport": "forbidden",
    },
    "inputSchemaSha256": "318ee65e231a9c79a4d9023243ee9d14d5c27e8641e50d13167ce378a64fa869",
    "name": "foundry.publication.schedule",
    "outputSchemaSha256": "62563073a0f420ff78922508f5d206bf8c37b1d6a240a0dfe14aaad7488d4ef9",
  },
  {
    "annotations": {
      "destructiveHint": false,
      "openWorldHint": false,
      "readOnlyHint": true,
    },
    "description": "Read the current state of a publication, publication schedule or prepared preview.",
    "execution": {
      "taskSupport": "forbidden",
    },
    "inputSchemaSha256": "8e438f6c6133859031f10061a623a0c3faf993e61c3c0b694e49df8db1cc2ec9",
    "name": "foundry.publication.status",
    "outputSchemaSha256": "2538d8fa61af22f44d20bbef0f9bbf5e58c28df45d990d2a6928f15bbce410f6",
  },
  {
    "annotations": {
      "destructiveHint": true,
      "idempotentHint": true,
      "openWorldHint": true,
      "readOnlyHint": false,
    },
    "description": "Cancel one active publication schedule.",
    "execution": {
      "taskSupport": "forbidden",
    },
    "inputSchemaSha256": "14152d54755677e330d0c06420ad61e5dedbbd3ad459218f6d07e57c27fcdc1e",
    "name": "foundry.publication.cancel",
    "outputSchemaSha256": "62563073a0f420ff78922508f5d206bf8c37b1d6a240a0dfe14aaad7488d4ef9",
  },
  {
    "annotations": {
      "destructiveHint": false,
      "idempotentHint": true,
      "openWorldHint": false,
      "readOnlyHint": false,
    },
    "description": "Prepare a new standalone campaign as an independent draft revision.",
    "execution": {
      "taskSupport": "forbidden",
    },
    "inputSchemaSha256": "45f39a3f26d01f7fdb70f4ad18db9130491579799d402941b8671c1a9ea51a0f",
    "name": "foundry.campaign.create",
    "outputSchemaSha256": "201a331b038d965a29f138075e723193ff131324f6358cef43fb53fb46673a0e",
  },
  {
    "annotations": {
      "destructiveHint": false,
      "idempotentHint": true,
      "openWorldHint": false,
      "readOnlyHint": false,
    },
    "description": "Edit a campaign into a new immutable revision under optimistic concurrency.",
    "execution": {
      "taskSupport": "forbidden",
    },
    "inputSchemaSha256": "14f588e64e1b6be4554afa18503d84ed5c6b1c715f3f40177000bd58261dcc2e",
    "name": "foundry.campaign.edit",
    "outputSchemaSha256": "201a331b038d965a29f138075e723193ff131324f6358cef43fb53fb46673a0e",
  },
  {
    "annotations": {
      "destructiveHint": false,
      "openWorldHint": false,
      "readOnlyHint": true,
    },
    "description": "Read a campaign's editable content and metadata, without audience or recipient data.",
    "execution": {
      "taskSupport": "forbidden",
    },
    "inputSchemaSha256": "c6302e4bb591ecc151a943905c4e06f1cb313c5b4c2aa581c9b31bde1edde7ad",
    "name": "foundry.campaign.get",
    "outputSchemaSha256": "b29aef38714b198a9cf0afa279568fa26d614eb375ed08467525ad590ec91759",
  },
  {
    "annotations": {
      "destructiveHint": false,
      "idempotentHint": true,
      "openWorldHint": true,
      "readOnlyHint": false,
    },
    "description": "Request a test delivery to the Owner-configured verified recipients. The agent selects no recipients.",
    "execution": {
      "taskSupport": "forbidden",
    },
    "inputSchemaSha256": "92ec8a4a1eac1945150f4b883077fd83cc50ef76fbb7b47f4eca9c60ddbd3249",
    "name": "foundry.campaign.request_test",
    "outputSchemaSha256": "845dce0038df682faacccea0df8ae82c929400d347b1164003966098b7a603cb",
  },
  {
    "annotations": {
      "destructiveHint": false,
      "openWorldHint": false,
      "readOnlyHint": true,
    },
    "description": "Read whether a campaign's test delivery and Owner confirmation are current.",
    "execution": {
      "taskSupport": "forbidden",
    },
    "inputSchemaSha256": "c6302e4bb591ecc151a943905c4e06f1cb313c5b4c2aa581c9b31bde1edde7ad",
    "name": "foundry.campaign.test_readiness",
    "outputSchemaSha256": "f8a1f704fa64120255679298d608ca33adb88d8a8215154f6c9e4969152b8a10",
  },
  {
    "annotations": {
      "destructiveHint": false,
      "openWorldHint": false,
      "readOnlyHint": true,
    },
    "description": "Read one fixed bounded aggregate analytics view with metric metadata and small-cell suppression.",
    "execution": {
      "taskSupport": "forbidden",
    },
    "inputSchemaSha256": "ef11042575ba4e3cc3a4be88785b9022778688079df9810fc4cb12faf02e8186",
    "name": "foundry.analytics.read",
    "outputSchemaSha256": "475d2ab19be5c928412f9de0fb64435a4ae4e47dd0fe42ff2a4e4e41d6371afd",
  },
]
`;
