// Vitest Snapshot v1, https://vitest.dev/guide/snapshot.html

exports[`MCP campaign and analytics tool registry > matches the reviewed complete MCP tool-schema snapshot 1`] = `
[
  {
    "annotations": {
      "destructiveHint": false,
      "openWorldHint": false,
      "readOnlyHint": true,
    },
    "description": "Read this connection's site metadata.",
    "execution": {
      "taskSupport": "forbidden",
    },
    "inputSchemaSha256": "7760a5a5ce90f1c50ad52b3bb68cfcb409a0d348b55eb2f066cd92e85474cac1",
    "name": "foundry.site.get",
    "outputSchemaSha256": "3e7dd900c07f8588c1db43be3e885a9bb79fbb9fab52ffeaeed364e896cb0155",
  },
  {
    "annotations": {
      "destructiveHint": false,
      "openWorldHint": false,
      "readOnlyHint": true,
    },
    "description": "List published page and post documents with bounded pagination.",
    "execution": {
      "taskSupport": "forbidden",
    },
    "inputSchemaSha256": "ca09125a7cde497c0629a2dff5696a88901a6f6925235110e4e81cfd36624ce8",
    "name": "foundry.content.list",
    "outputSchemaSha256": "7e08ec1d21101da3f5425aee0287a0f73dd08356462b72865877def5d70c5276",
  },
  {
    "annotations": {
      "destructiveHint": false,
      "openWorldHint": false,
      "readOnlyHint": true,
    },
    "description": "Read one published page or post document.",
    "execution": {
      "taskSupport": "forbidden",
    },
    "inputSchemaSha256": "fe338c73c1fe68360e8bce0daee03c5e7347249a35fa921f9fe45d78f6b43234",
    "name": "foundry.content.get",
    "outputSchemaSha256": "2bd913bb252f822b1df5160f1537f7a2f0c7a0c7249e6ce4100bd9e06e6b2069",
  },
  {
    "annotations": {
      "destructiveHint": false,
      "idempotentHint": true,
      "openWorldHint": false,
      "readOnlyHint": false,
    },
    "description": "Open one site-scoped canonical draft workspace at revision zero.",
    "execution": {
      "taskSupport": "forbidden",
    },
    "inputSchemaSha256": "4474c04a6d854c6cc3f5244cf5b92137d880cbd483d20803e4be4df740a82c55",
    "name": "foundry.workspace.open",
    "outputSchemaSha256": "6e78919a16f2e5657d27d9f33a80b4a5e37300f9159a8936e9f22a9a3f477a3c",
  },
  {
    "annotations": {
      "destructiveHint": false,
      "openWorldHint": false,
      "readOnlyHint": true,
    },
    "description": "Read an authorized site-scoped draft workspace.",
    "execution": {
      "taskSupport": "forbidden",
    },
    "inputSchemaSha256": "06ac212db66698f6f2845585e395be972a74181976aa30c37df1ddfc8406d565",
    "name": "foundry.workspace.get",
    "outputSchemaSha256": "da6b97c31ac7bf9eab1f115b685239e9a043693557c535bf1008870b66960ea8",
  },
  {
    "annotations": {
      "destructiveHint": true,
      "idempotentHint": true,
      "openWorldHint": false,
      "readOnlyHint": false,
    },
    "description": "Apply allowlisted content field edits to a new immutable revision.",
    "execution": {
      "taskSupport": "forbidden",
    },
    "inputSchemaSha256": "bc2ccc0de66edf4e31088267f5818658e48f98d2cdecc99a9cfcf6d75c8b7071",
    "name": "foundry.content.patch",
    "outputSchemaSha256": "6401dc71dd4341ab8475fc13ed11cc8d43e5c0a082853bc3188e935e8c71cb59",
  },
  {
    "annotations": {
      "destructiveHint": true,
      "idempotentHint": true,
      "openWorldHint": false,
      "readOnlyHint": false,
    },
    "description": "Apply registered design tokens or component variants to a new immutable revision.",
    "execution": {
      "taskSupport": "forbidden",
    },
    "inputSchemaSha256": "fa2e8ab508ab659a9931de4e209c903b8c546847eaf987fc176c7085c1533bb5",
    "name": "foundry.design.patch",
    "outputSchemaSha256": "6401dc71dd4341ab8475fc13ed11cc8d43e5c0a082853bc3188e935e8c71cb59",
  },
  {
    "annotations": {
      "destructiveHint": false,
      "idempotentHint": true,
      "openWorldHint": false,
      "readOnlyHint": false,
    },
    "description": "Prepare an immutable canonical preview and a human review URL without creating approval.",
    "execution": {
      "taskSupport": "forbidden",
    },
    "inputSchemaSha256": "e58d5324111c513711c84a0daa598bf709a8223cd209015c8ff591ffa9dd809a",
    "name": "foundry.preview.prepare",
    "outputSchemaSha256": "15b57c555e4349da78b98df1d0241c70e42af25eb26c74e0800b3463f524609c",
  },
  {
    "annotations": {
      "destructiveHint": true,
      "idempotentHint": true,
      "openWorldHint": true,
      "readOnlyHint": false,
    },
    "description": "Publish one exact approved workspace revision through the canonical publication pipeline.",
    "execution": {
      "taskSupport": "forbidden",
    },
    "inputSchemaSha256": "169aa21188d9b04f1d16333aa656cc53cfb600e3e650e63d49913ae740d14e42",
    "name": "foundry.publication.request",
    "outputSchemaSha256": "58e07c099df5403d6d8028063ffc2f6641d9f94add111335517ff04267c8b95c",
  },
  {
    "annotations": {
      "destructiveHint": true,
      "idempotentHint": true,
      "openWorldHint": true,
      "readOnlyHint": false,
    },
    "description": "Schedule one exact approved blog revision through the canonical scheduler.",
    "execution": {
      "taskSupport": "forbidden",
    },
    "inputSchemaSha256": "318ee65e231a9c79a4d9023243ee9d14d5c27e8641e50d13167ce378a64fa869",
    "name": "foundry.publication.schedule",
    "outputSchemaSha256": "58e07c099df5403d6d8028063ffc2f6641d9f94add111335517ff04267c8b95c",
  },
  {
    "annotations": {
      "destructiveHint": false,
      "openWorldHint": false,
      "readOnlyHint": true,
    },
    "description": "Read the current state of a publication or publication schedule.",
    "execution": {
      "taskSupport": "forbidden",
    },
    "inputSchemaSha256": "b5e17139a45868bcca9571aa58590d2a259aee0e9877b688fb3cab0596097c0a",
    "name": "foundry.publication.status",
    "outputSchemaSha256": "58e07c099df5403d6d8028063ffc2f6641d9f94add111335517ff04267c8b95c",
  },
  {
    "annotations": {
      "destructiveHint": true,
      "idempotentHint": true,
      "openWorldHint": true,
      "readOnlyHint": false,
    },
    "description": "Cancel one active publication schedule.",
    "execution": {
      "taskSupport": "forbidden",
    },
    "inputSchemaSha256": "14152d54755677e330d0c06420ad61e5dedbbd3ad459218f6d07e57c27fcdc1e",
    "name": "foundry.publication.cancel",
    "outputSchemaSha256": "58e07c099df5403d6d8028063ffc2f6641d9f94add111335517ff04267c8b95c",
  },
  {
    "annotations": {
      "destructiveHint": false,
      "idempotentHint": true,
      "openWorldHint": false,
      "readOnlyHint": false,
    },
    "description": "Prepare a new standalone campaign as an independent draft revision.",
    "execution": {
      "taskSupport": "forbidden",
    },
    "inputSchemaSha256": "db32af0e323e90982c8f561e83b1f5a40a9e0b50f9546f5c43e82954942d8851",
    "name": "foundry.campaign.create",
    "outputSchemaSha256": "7829a6f72ee8c3d009bb2362e5c81c41458da0b302458746104b7aaf033eba72",
  },
  {
    "annotations": {
      "destructiveHint": false,
      "idempotentHint": true,
      "openWorldHint": false,
      "readOnlyHint": false,
    },
    "description": "Edit a campaign into a new immutable revision under optimistic concurrency.",
    "execution": {
      "taskSupport": "forbidden",
    },
    "inputSchemaSha256": "12a8e3e5fa4655c40e58d8ee7e53142a7cc1bca6d52a5faa9a916350af44e29b",
    "name": "foundry.campaign.edit",
    "outputSchemaSha256": "7829a6f72ee8c3d009bb2362e5c81c41458da0b302458746104b7aaf033eba72",
  },
  {
    "annotations": {
      "destructiveHint": false,
      "openWorldHint": false,
      "readOnlyHint": true,
    },
    "description": "Read a campaign's editable content and metadata, without audience or recipient data.",
    "execution": {
      "taskSupport": "forbidden",
    },
    "inputSchemaSha256": "c6302e4bb591ecc151a943905c4e06f1cb313c5b4c2aa581c9b31bde1edde7ad",
    "name": "foundry.campaign.get",
    "outputSchemaSha256": "8ca57015d902d56864fd1c079edbee87a64726480bb1f795eac7982445fbcf8e",
  },
  {
    "annotations": {
      "destructiveHint": false,
      "idempotentHint": true,
      "openWorldHint": true,
      "readOnlyHint": false,
    },
    "description": "Request a test delivery to the Owner-configured verified recipients. The agent selects no recipients.",
    "execution": {
      "taskSupport": "forbidden",
    },
    "inputSchemaSha256": "92ec8a4a1eac1945150f4b883077fd83cc50ef76fbb7b47f4eca9c60ddbd3249",
    "name": "foundry.campaign.request_test",
    "outputSchemaSha256": "050c8c98cad700a30636e500d0d6825c2875a193e20eab1c870daa5a71db6a09",
  },
  {
    "annotations": {
      "destructiveHint": false,
      "openWorldHint": false,
      "readOnlyHint": true,
    },
    "description": "Read whether a campaign's test delivery and Owner confirmation are current.",
    "execution": {
      "taskSupport": "forbidden",
    },
    "inputSchemaSha256": "c6302e4bb591ecc151a943905c4e06f1cb313c5b4c2aa581c9b31bde1edde7ad",
    "name": "foundry.campaign.test_readiness",
    "outputSchemaSha256": "231abb48e1625e072dc7c638085e64fd73c5deeaad97df6425e3fa87fd58cc73",
  },
  {
    "annotations": {
      "destructiveHint": false,
      "openWorldHint": false,
      "readOnlyHint": true,
    },
    "description": "Read one fixed bounded aggregate analytics view with metric metadata and small-cell suppression.",
    "execution": {
      "taskSupport": "forbidden",
    },
    "inputSchemaSha256": "ef11042575ba4e3cc3a4be88785b9022778688079df9810fc4cb12faf02e8186",
    "name": "foundry.analytics.read",
    "outputSchemaSha256": "065a523b6f9711bb1e8cbe4216e8dbae00aa0b2b6f09a25f493095fe98975574",
  },
]
`;
